// Jest Snapshot v1, https://goo.gl/fbAQLP

exports[`should render the HeaderWrapper correctly 1`] = `
<div
  className="header"
>
  <Header
    textAlign="center"
  >
    #
    general
  </Header>
</div>
`;
